apps/web/src/features/parts/actions.ts(267,5): error TS2300: Duplicate identifier 'partNumber'.
apps/web/src/features/parts/actions.ts(268,5): error TS2300: Duplicate identifier 'partNumber'.
apps/web/src/features/parts/components/AddPartModal.tsx(47,11): error TS2451: Cannot redeclare block-scoped variable 'customLifespanMiles'.
apps/web/src/features/parts/components/AddPartModal.tsx(48,11): error TS2451: Cannot redeclare block-scoped variable 'customLifespanMiles'.
